Archive member included to satisfy reference by file (symbol)

/opt/riscv/lib/gcc/riscv32-unknown-elf/12.1.0/libgcc.a(muldi3.o)
                              lab6.elf-fir.o (__mulsi3)

Memory Configuration

Name             Origin             Length             Attributes
vexriscv_debug   0x00000000f00f0000 0x0000000000000100
dff              0x0000000000000000 0x0000000000000400
dff2             0x0000000000000400 0x0000000000000200
flash            0x0000000010000000 0x0000000001000000
mprj             0x0000000030000000 0x0000000000100000
mprjram          0x0000000038000000 0x0000000000400000
hk               0x0000000026000000 0x0000000000100000
csr              0x00000000f0000000 0x0000000000010000
*default*        0x0000000000000000 0xffffffffffffffff

Linker script and memory map

                0x0000000000000000                __DYNAMIC = 0x0

.text           0x0000000010000000     0x10d0
                0x0000000010000000                _ftext = .
 *crt0*(.text)
 .text          0x0000000010000000      0x148 lab6.elf-crt0_vex.o
                0x0000000010000000                _start
                0x0000000010000020                trap_entry
 *crt0*(.text)
 *(.text.isr)
                0x0000000010000148                _etext = .
 .text          0x0000000010000148      0x15c lab6.elf-isr.o
                0x0000000010000238                isr
 .text          0x00000000100002a4        0x0 lab6.elf-fir.o
 .text          0x00000000100002a4        0x0 lab6.elf-matmul.o
 .text          0x00000000100002a4        0x0 lab6.elf-qsort.o
 .text          0x00000000100002a4       0x38 lab6.elf-uart.o
 .text          0x00000000100002dc      0xdf4 lab6.elf-ps_main_v1.o
                0x000000001000037c                putchar
                0x00000000100003e4                print
                0x0000000010000488                main

.mprj           0x00000000100010d0      0x1ec
 .mprj          0x00000000100010d0      0x1ec lab6.elf-uart.o
                0x00000000100010d0                uart_write
                0x0000000010001118                uart_write_char
                0x0000000010001180                uart_write_string
                0x00000000100011d4                uart_read_char
                0x0000000010001248                uart_read

.rodata         0x00000000100012bc        0x4
                0x00000000100012c0                . = ALIGN (0x8)
 *fill*         0x00000000100012bc        0x4 
                0x00000000100012c0                _frodata = .
 *(.rodata .rodata.* .gnu.linkonce.r.*)
 *(.rodata1)
                0x00000000100012c0                . = ALIGN (0x8)
                0x00000000100012c0                _erodata = .

.data           0x0000000000000000      0x108 load address 0x00000000100012c0
                0x0000000000000000                . = ALIGN (0x8)
                0x0000000000000000                _fdata = .
 *(.data .data.* .gnu.linkonce.d.*)
 .data          0x0000000000000000        0x0 lab6.elf-crt0_vex.o
 .data          0x0000000000000000        0x0 lab6.elf-isr.o
 .data          0x0000000000000000       0x58 lab6.elf-fir.o
                0x0000000000000000                taps
                0x000000000000002c                inputsignal
 .data          0x0000000000000058       0x80 lab6.elf-matmul.o
                0x0000000000000058                A
                0x0000000000000098                B
 .data          0x00000000000000d8       0x28 lab6.elf-qsort.o
                0x00000000000000d8                C
 .data          0x0000000000000100        0x0 lab6.elf-uart.o
 .data          0x0000000000000100        0x0 lab6.elf-ps_main_v1.o
 .data          0x0000000000000100        0x0 /opt/riscv/lib/gcc/riscv32-unknown-elf/12.1.0/libgcc.a(muldi3.o)
 *(.data1)
                0x0000000000000100                _gp = ALIGN (0x10)
 *(.sdata .sdata.* .gnu.linkonce.s.*)
 .sdata         0x0000000000000100        0x4 lab6.elf-isr.o
                0x0000000000000100                counter
                0x0000000000000108                . = ALIGN (0x8)
 *fill*         0x0000000000000104        0x4 
                0x0000000000000108                _edata = .

.bss            0x0000000000000108       0x98 load address 0x00000000100013c8
                0x0000000000000108                . = ALIGN (0x8)
                0x0000000000000108                _fbss = .
 *(.dynsbss)
 *(.sbss .sbss.* .gnu.linkonce.sb.*)
 *(.scommon)
 *(.dynbss)
 *(.bss .bss.* .gnu.linkonce.b.*)
 .bss           0x0000000000000108        0x0 lab6.elf-crt0_vex.o
 .bss           0x0000000000000108        0x0 lab6.elf-isr.o
 .bss           0x0000000000000108       0x58 lab6.elf-fir.o
                0x0000000000000108                inputbuffer
                0x0000000000000134                outputsignal
 .bss           0x0000000000000160       0x40 lab6.elf-matmul.o
                0x0000000000000160                result
 .bss           0x00000000000001a0        0x0 lab6.elf-qsort.o
 .bss           0x00000000000001a0        0x0 lab6.elf-uart.o
 .bss           0x00000000000001a0        0x0 lab6.elf-ps_main_v1.o
 .bss           0x00000000000001a0        0x0 /opt/riscv/lib/gcc/riscv32-unknown-elf/12.1.0/libgcc.a(muldi3.o)
 *(COMMON)
                0x00000000000001a0                . = ALIGN (0x8)
                0x00000000000001a0                _ebss = .
                0x00000000000001a0                _end = .

.mprjram        0x0000000038000000      0x598 load address 0x00000000100013c8
                0x0000000038000000                . = ALIGN (0x8)
                0x0000000038000000                _fsram = .
 *libgcc.a:*(.text .text.*)
 .text          0x0000000038000000       0x24 /opt/riscv/lib/gcc/riscv32-unknown-elf/12.1.0/libgcc.a(muldi3.o)
                0x0000000038000000                __mulsi3
 .mprjram       0x0000000038000024      0x234 lab6.elf-fir.o
                0x0000000038000024                initfir
                0x000000003800008c                firfilter
                0x000000003800017c                fir
 .mprjram       0x0000000038000258      0x118 lab6.elf-matmul.o
                0x0000000038000258                matmul
 .mprjram       0x0000000038000370      0x228 lab6.elf-qsort.o
                0x0000000038000370                partition
                0x00000000380004f4                sort
                0x0000000038000564                qsort
                0x0000000000000600                PROVIDE (_fstack = (ORIGIN (dff2) + LENGTH (dff2)))
                0x00000000100012c0                PROVIDE (_fdata_rom = LOADADDR (.data))
                [!provide]                        PROVIDE (_edata_rom = (LOADADDR (.data) + SIZEOF (.data)))
                0x0000000038000598                PROVIDE (_esram = (ORIGIN (mprjram) + SIZEOF (.mprjram)))
                0x00000000100013c8                PROVIDE (_esram_rom = LOADADDR (.mprjram))
LOAD lab6.elf-crt0_vex.o
LOAD lab6.elf-isr.o
LOAD lab6.elf-fir.o
LOAD lab6.elf-matmul.o
LOAD lab6.elf-qsort.o
LOAD lab6.elf-uart.o
LOAD lab6.elf-ps_main_v1.o
LOAD /opt/riscv/lib/gcc/riscv32-unknown-elf/12.1.0/libgcc.a
START GROUP
LOAD /opt/riscv/lib/gcc/riscv32-unknown-elf/12.1.0/../../../../riscv32-unknown-elf/lib/libc.a
LOAD /opt/riscv/lib/gcc/riscv32-unknown-elf/12.1.0/../../../../riscv32-unknown-elf/lib/libgloss.a
END GROUP
LOAD /opt/riscv/lib/gcc/riscv32-unknown-elf/12.1.0/libgcc.a
OUTPUT(lab6.elf elf32-littleriscv)

.rela.dyn       0x0000000038000598        0x0 load address 0x0000000010001960
 .rela.text     0x0000000038000598        0x0 lab6.elf-crt0_vex.o

.riscv.attributes
                0x0000000000000000       0x20
 .riscv.attributes
                0x0000000000000000       0x1e lab6.elf-crt0_vex.o
 .riscv.attributes
                0x000000000000001e       0x20 lab6.elf-isr.o
 .riscv.attributes
                0x000000000000003e       0x1c lab6.elf-fir.o
 .riscv.attributes
                0x000000000000005a       0x1c lab6.elf-matmul.o
 .riscv.attributes
                0x0000000000000076       0x1c lab6.elf-qsort.o
 .riscv.attributes
                0x0000000000000092       0x1c lab6.elf-uart.o
 .riscv.attributes
                0x00000000000000ae       0x20 lab6.elf-ps_main_v1.o
 .riscv.attributes
                0x00000000000000ce       0x1a /opt/riscv/lib/gcc/riscv32-unknown-elf/12.1.0/libgcc.a(muldi3.o)

.comment        0x0000000000000000       0x1b
 .comment       0x0000000000000000       0x1b lab6.elf-isr.o
                                         0x1c (size before relaxing)
 .comment       0x000000000000001b       0x1c lab6.elf-fir.o
 .comment       0x000000000000001b       0x1c lab6.elf-matmul.o
 .comment       0x000000000000001b       0x1c lab6.elf-qsort.o
 .comment       0x000000000000001b       0x1c lab6.elf-uart.o
 .comment       0x000000000000001b       0x1c lab6.elf-ps_main_v1.o

.debug_line     0x0000000000000000     0x1a24
 .debug_line    0x0000000000000000      0x20a lab6.elf-crt0_vex.o
 .debug_line    0x000000000000020a      0x14f lab6.elf-isr.o
 .debug_line    0x0000000000000359      0x20f lab6.elf-fir.o
 .debug_line    0x0000000000000568      0x16f lab6.elf-matmul.o
 .debug_line    0x00000000000006d7      0x165 lab6.elf-qsort.o
 .debug_line    0x000000000000083c      0x25e lab6.elf-uart.o
 .debug_line    0x0000000000000a9a      0xf10 lab6.elf-ps_main_v1.o
 .debug_line    0x00000000000019aa       0x7a /opt/riscv/lib/gcc/riscv32-unknown-elf/12.1.0/libgcc.a(muldi3.o)

.debug_line_str
                0x0000000000000000      0x1ca
 .debug_line_str
                0x0000000000000000       0x61 lab6.elf-crt0_vex.o
 .debug_line_str
                0x0000000000000061       0x8c lab6.elf-isr.o
                                        0x135 (size before relaxing)
 .debug_line_str
                0x00000000000000ed        0xc lab6.elf-fir.o
                                         0xa6 (size before relaxing)
 .debug_line_str
                0x00000000000000f9       0x12 lab6.elf-matmul.o
                                         0xb2 (size before relaxing)
 .debug_line_str
                0x000000000000010b       0x10 lab6.elf-qsort.o
                                         0xae (size before relaxing)
 .debug_line_str
                0x000000000000011b        0x7 lab6.elf-uart.o
                                         0xfe (size before relaxing)
 .debug_line_str
                0x0000000000000122       0x14 lab6.elf-ps_main_v1.o
                                        0x142 (size before relaxing)
 .debug_line_str
                0x0000000000000136       0x94 /opt/riscv/lib/gcc/riscv32-unknown-elf/12.1.0/libgcc.a(muldi3.o)

.debug_info     0x0000000000000000      0xcb7
 .debug_info    0x0000000000000000       0x25 lab6.elf-crt0_vex.o
 .debug_info    0x0000000000000025      0x1a3 lab6.elf-isr.o
 .debug_info    0x00000000000001c8      0x164 lab6.elf-fir.o
 .debug_info    0x000000000000032c       0xdc lab6.elf-matmul.o
 .debug_info    0x0000000000000408      0x11d lab6.elf-qsort.o
 .debug_info    0x0000000000000525      0x18c lab6.elf-uart.o
 .debug_info    0x00000000000006b1      0x5d7 lab6.elf-ps_main_v1.o
 .debug_info    0x0000000000000c88       0x2f /opt/riscv/lib/gcc/riscv32-unknown-elf/12.1.0/libgcc.a(muldi3.o)

.debug_abbrev   0x0000000000000000      0x671
 .debug_abbrev  0x0000000000000000       0x14 lab6.elf-crt0_vex.o
 .debug_abbrev  0x0000000000000014      0x131 lab6.elf-isr.o
 .debug_abbrev  0x0000000000000145       0xf1 lab6.elf-fir.o
 .debug_abbrev  0x0000000000000236       0xbb lab6.elf-matmul.o
 .debug_abbrev  0x00000000000002f1       0xe7 lab6.elf-qsort.o
 .debug_abbrev  0x00000000000003d8       0xe3 lab6.elf-uart.o
 .debug_abbrev  0x00000000000004bb      0x195 lab6.elf-ps_main_v1.o
 .debug_abbrev  0x0000000000000650       0x21 /opt/riscv/lib/gcc/riscv32-unknown-elf/12.1.0/libgcc.a(muldi3.o)

.debug_aranges  0x0000000000000000      0x148
 .debug_aranges
                0x0000000000000000       0x20 lab6.elf-crt0_vex.o
 .debug_aranges
                0x0000000000000020       0x20 lab6.elf-isr.o
 .debug_aranges
                0x0000000000000040       0x30 lab6.elf-fir.o
 .debug_aranges
                0x0000000000000070       0x20 lab6.elf-matmul.o
 .debug_aranges
                0x0000000000000090       0x30 lab6.elf-qsort.o
 .debug_aranges
                0x00000000000000c0       0x48 lab6.elf-uart.o
 .debug_aranges
                0x0000000000000108       0x20 lab6.elf-ps_main_v1.o
 .debug_aranges
                0x0000000000000128       0x20 /opt/riscv/lib/gcc/riscv32-unknown-elf/12.1.0/libgcc.a(muldi3.o)

.debug_str      0x0000000000000000      0x332
 .debug_str     0x0000000000000000       0x6d lab6.elf-crt0_vex.o
 .debug_str     0x000000000000006d      0x139 lab6.elf-isr.o
                                        0x17a (size before relaxing)
 .debug_str     0x00000000000001a6       0x55 lab6.elf-fir.o
                                         0xb9 (size before relaxing)
 .debug_str     0x00000000000001fb       0x14 lab6.elf-matmul.o
                                         0x78 (size before relaxing)
 .debug_str     0x000000000000020f       0x1b lab6.elf-qsort.o
                                         0x84 (size before relaxing)
 .debug_str     0x000000000000022a       0x31 lab6.elf-uart.o
                                        0x151 (size before relaxing)
 .debug_str     0x000000000000025b       0x3a lab6.elf-ps_main_v1.o
                                        0x174 (size before relaxing)
 .debug_str     0x0000000000000295       0x9d /opt/riscv/lib/gcc/riscv32-unknown-elf/12.1.0/libgcc.a(muldi3.o)
                                         0xa9 (size before relaxing)

.debug_frame    0x0000000000000000      0x4d8
 .debug_frame   0x0000000000000000      0x118 lab6.elf-isr.o
 .debug_frame   0x0000000000000118       0x88 lab6.elf-fir.o
 .debug_frame   0x00000000000001a0       0x38 lab6.elf-matmul.o
 .debug_frame   0x00000000000001d8       0x84 lab6.elf-qsort.o
 .debug_frame   0x000000000000025c      0x114 lab6.elf-uart.o
 .debug_frame   0x0000000000000370      0x168 lab6.elf-ps_main_v1.o

.debug_rnglists
                0x0000000000000000       0xa9
 .debug_rnglists
                0x0000000000000000       0x28 lab6.elf-fir.o
 .debug_rnglists
                0x0000000000000028       0x16 lab6.elf-matmul.o
 .debug_rnglists
                0x000000000000003e       0x28 lab6.elf-qsort.o
 .debug_rnglists
                0x0000000000000066       0x43 lab6.elf-uart.o
